[varadbhogayata.github.io/index.html]
[cdnjs.cloudflare.com/ajax/libs/materialize/0.95.3/css/materialize.min.css]
[maxcdn.bootstrapcdn.com/font-awesome/4.3.0/css/font-awesome.min.css]
[backblue.gif]
[fade.gif]
[index.html]
[varadbhogayata.github.io/assets/css/style.css]
[varadbhogayata.github.io/assets/img/favicon/apple-icon-57x57.png]
[varadbhogayata.github.io/assets/img/favicon/apple-icon-60x60.png]
[varadbhogayata.github.io/assets/img/favicon/apple-icon-72x72.png]
[varadbhogayata.github.io/assets/img/favicon/apple-icon-76x76.png]
[varadbhogayata.github.io/assets/img/favicon/apple-icon-114x114.png]
[varadbhogayata.github.io/assets/img/favicon/apple-icon-120x120.png]
[varadbhogayata.github.io/assets/img/favicon/apple-icon-144x144.png]
[varadbhogayata.github.io/assets/img/favicon/apple-icon-152x152.png]
[varadbhogayata.github.io/assets/img/favicon/apple-icon-180x180.png]
[varadbhogayata.github.io/assets/img/favicon/android-icon-192x192.png]
[varadbhogayata.github.io/assets/img/favicon/favicon-32x32.png]
[varadbhogayata.github.io/assets/img/favicon/favicon-96x96.png]
[varadbhogayata.github.io/assets/img/favicon/favicon-16x16.png]
[varadbhogayata.github.io/assets/img/favicon/manifest.json]
[varadbhogayata.github.io/assets/img/passport-new.jpg]
[varadbhogayata.github.io/assets/resume/Varad_Bhogayata_Resume.pdf]
[varadbhogayata.github.io/assets/img/exp-zhiffy-logo-1.webp]
[varadbhogayata.github.io/assets/img/exp-meditab-logo-500x500.jpg]
[varadbhogayata.github.io/assets/img/exp-mtag-logo-250x250.jpg]
[varadbhogayata.github.io/assets/img/exp-cignex-logo.png]
[varadbhogayata.github.io/assets/img/project-music-player.png]
[varadbhogayata.github.io/assets/img/project-quizup-logo-1.png]
[varadbhogayata.github.io/assets/img/project-blog-logo.jpg]
[varadbhogayata.github.io/assets/img/project-aim_bert-bias.png]
[varadbhogayata.github.io/assets/img/computer-vision-v2-04.png]
[varadbhogayata.github.io/assets/img/gan.jpg]
[varadbhogayata.github.io/assets/img/Blog-Images-Forget-Machine-Learning-Humans-Still-Have-a-Lot-to-Learn-Part-II.jpg]
[varadbhogayata.github.io/assets/img/python-logo-1-300x300.jpg]
[varadbhogayata.github.io/assets/img/html5-300x300.jpg]
[varadbhogayata.github.io/assets/img/css3-300x300.jpg]
[varadbhogayata.github.io/assets/img/mysql-logo-1-300x300.jpg]
[varadbhogayata.github.io/assets/img/postgresql-logo.png]
[varadbhogayata.github.io/assets/img/shell-logo-1-300x300.jpg]
[varadbhogayata.github.io/assets/img/numpy-logo-1-500x500.jpg]
[varadbhogayata.github.io/assets/img/pandas-logo-2-500x500.jpg]
[varadbhogayata.github.io/assets/img/opencv-logo-1-500x500.jpg]
[varadbhogayata.github.io/assets/img/sk-learn-logo-1-500x500.jpg]
[varadbhogayata.github.io/assets/img/matplotlib-logo-1-500x500.jpg]
[varadbhogayata.github.io/assets/img/django-logo.webp]
[varadbhogayata.github.io/assets/img/flask-logo.png]
[varadbhogayata.github.io/assets/img/bootstrap.png]
[varadbhogayata.github.io/assets/img/keras-logo.png]
[varadbhogayata.github.io/assets/img/tensorflow-logo-1.png]
[varadbhogayata.github.io/assets/img/pytorch-logo.png]
[varadbhogayata.github.io/assets/img/git.png]
[varadbhogayata.github.io/assets/img/aws.png]
[varadbhogayata.github.io/assets/img/heroku.png]
[varadbhogayata.github.io/assets/vendor/typed.js/typed.min.js]
[ajax.googleapis.com/ajax/libs/jquery/1.11.2/jquery.min.js]
[varadbhogayata.github.io/index.html]
[www.googletagmanager.com/gtm5445.html]
[cdnjs.cloudflare.com/ajax/libs/materialize/0.95.3/css/materialize.min.css]
[maxcdn.bootstrapcdn.com/font-awesome/4.3.0/css/font-awesome.min.css]
[cdnjs.cloudflare.com/ajax/libs/materialize/0.95.3/js/materialize.min.js]
[varadbhogayata.github.io/assets/img/bg.png]
[varadbhogayata.github.io/assets/css/style.css]
